// Jest Snapshot v1, https://goo.gl/fbAQLP

exports[`@repay/repay-scripts should build a React application 1`] = `
Array [
  "index.html",
  "main.4746fc33bd4185206801.js",
  "main.4746fc33bd4185206801.js.map",
]
`;

exports[`@repay/repay-scripts should build a React application 2`] = `
"<!DOCTYPE html>
<html>
  <head>
    <meta charset=\\"UTF-8\\">
    <title>Prototype</title>
  <meta name=\\"viewport\\" content=\\"width=device-width, height=device-height, initial-scale=1\\"></head>
  <body>
  <script type=\\"text/javascript\\" src=\\"/main.4746fc33bd4185206801.js\\"></script></body>
</html>"
`;
