// Jest Snapshot v1, https://goo.gl/fbAQLP

exports[`@repay/repay-scripts should watch a React library for local development 1`] = `"<div class=\\"AppWrapper\\">Rendered content</div>"`;

exports[`@repay/repay-scripts should watch a React library for local development 2`] = `"<div class=\\"AppWrapper Updated\\">Rendered content</div>"`;
